V3 31
FL /media/jimmy/Passport/Programs/XilinxLinux/14.7/ISE_DS/project0/jc2_sch/jc2_top.vhf 2017/11/29.16:40:52 P.20131013
EN work/BUF4_MXILINX_jc2_top 1511999762 \
      FL /media/jimmy/Passport/Programs/XilinxLinux/14.7/ISE_DS/project0/jc2_sch/jc2_top.vhf \
      PB ieee/std_logic_1164 1381692176 PB ieee/NUMERIC_STD 1381692181 LB UNISIM \
      PH unisim/VCOMPONENTS 1381692182
AR work/BUF4_MXILINX_jc2_top/BEHAVIORAL 1511999763 \
      FL /media/jimmy/Passport/Programs/XilinxLinux/14.7/ISE_DS/project0/jc2_sch/jc2_top.vhf \
      EN work/BUF4_MXILINX_jc2_top 1511999762 CP BUF
EN work/FDC_MXILINX_jc2_top 1511999764 \
      FL /media/jimmy/Passport/Programs/XilinxLinux/14.7/ISE_DS/project0/jc2_sch/jc2_top.vhf \
      PB ieee/std_logic_1164 1381692176 PB ieee/NUMERIC_STD 1381692181 LB UNISIM \
      PH unisim/VCOMPONENTS 1381692182
AR work/FDC_MXILINX_jc2_top/BEHAVIORAL 1511999765 \
      FL /media/jimmy/Passport/Programs/XilinxLinux/14.7/ISE_DS/project0/jc2_sch/jc2_top.vhf \
      EN work/FDC_MXILINX_jc2_top 1511999764 CP GND CP FDCP
EN work/FJKC_MXILINX_jc2_top 1511999766 \
      FL /media/jimmy/Passport/Programs/XilinxLinux/14.7/ISE_DS/project0/jc2_sch/jc2_top.vhf \
      PB ieee/std_logic_1164 1381692176 PB ieee/NUMERIC_STD 1381692181 LB UNISIM \
      PH unisim/VCOMPONENTS 1381692182
AR work/FJKC_MXILINX_jc2_top/BEHAVIORAL 1511999767 \
      FL /media/jimmy/Passport/Programs/XilinxLinux/14.7/ISE_DS/project0/jc2_sch/jc2_top.vhf \
      EN work/FJKC_MXILINX_jc2_top 1511999766 CP FDC_MXILINX_jc2_top CP AND3B2 \
      CP AND3B1 CP OR3 CP AND2B1
EN work/M2_1_MXILINX_jc2_top 1511999768 \
      FL /media/jimmy/Passport/Programs/XilinxLinux/14.7/ISE_DS/project0/jc2_sch/jc2_top.vhf \
      PB ieee/std_logic_1164 1381692176 PB ieee/NUMERIC_STD 1381692181 LB UNISIM \
      PH unisim/VCOMPONENTS 1381692182
AR work/M2_1_MXILINX_jc2_top/BEHAVIORAL 1511999769 \
      FL /media/jimmy/Passport/Programs/XilinxLinux/14.7/ISE_DS/project0/jc2_sch/jc2_top.vhf \
      EN work/M2_1_MXILINX_jc2_top 1511999768 CP AND2B1 CP OR2 CP AND2
EN work/SR4CLED_MXILINX_jc2_top 1511999770 \
      FL /media/jimmy/Passport/Programs/XilinxLinux/14.7/ISE_DS/project0/jc2_sch/jc2_top.vhf \
      PB ieee/std_logic_1164 1381692176 PB ieee/NUMERIC_STD 1381692181 LB UNISIM \
      PH unisim/VCOMPONENTS 1381692182
AR work/SR4CLED_MXILINX_jc2_top/BEHAVIORAL 1511999771 \
      FL /media/jimmy/Passport/Programs/XilinxLinux/14.7/ISE_DS/project0/jc2_sch/jc2_top.vhf \
      EN work/SR4CLED_MXILINX_jc2_top 1511999770 CP OR2 CP M2_1_MXILINX_jc2_top \
      CP FDCE
EN work/jc2_top 1511999772 \
      FL /media/jimmy/Passport/Programs/XilinxLinux/14.7/ISE_DS/project0/jc2_sch/jc2_top.vhf \
      PB ieee/std_logic_1164 1381692176 PB ieee/NUMERIC_STD 1381692181 LB UNISIM \
      PH unisim/VCOMPONENTS 1381692182
AR work/jc2_top/BEHAVIORAL 1511999773 \
      FL /media/jimmy/Passport/Programs/XilinxLinux/14.7/ISE_DS/project0/jc2_sch/jc2_top.vhf \
      EN work/jc2_top 1511999772 CP FJKC_MXILINX_jc2_top CP INV CP OR2B2 CP GND \
      CP SR4CLED_MXILINX_jc2_top CP BUF4_MXILINX_jc2_top
