#-----------------------------------------------------------
# PlanAhead v14.7 (64-bit)
# Build 321239 by xbuild on Fri Sep 27 19:29:51 MDT 2013
# Start of session at: Tue Jan 09 17:02:02 2018
# Process ID: 4928
# Log file: C:/Users/jimmy/Desktop/USB_Research/usb1.1/planAhead_run_1/planAhead.log
# Journal file: C:/Users/jimmy/Desktop/USB_Research/usb1.1/planAhead_run_1/planAhead.jou
#-----------------------------------------------------------
start_gui
source C:/Users/jimmy/Desktop/USB_Research/usb1.1/pa.fromHdl.tcl
update_compile_order -fileset sim_1
create_interface gnd
startgroup
create_interface interface_1
set_property interface interface_1 [get_interfaces { gnd}]
endgroup
startgroup
delete_interface interface_1
delete_interface gnd
endgroup
startgroup
create_interface USB_VBus
set_property interface USB_VBus [get_ports [list  {JA[7]} {JA[6]} {JA[5]} {JA[4]} {JA[3]} {JA[2]} {JA[1]} {JA[0]}]]
set_property interface USB_VBus [get_ports [list  clk_i rst_i]]
endgroup
delete_interface USB_VBus
create_interface USB_VBus
create_interface USB_GND
create_interface interface_1
delete_interface interface_1
create_interface interface_1
delete_interface interface_1
delete_interface USB_VBus
delete_interface USB_GND
